// Jest Snapshot v1, https://goo.gl/fbAQLP

exports[`format onlyroot 1`] = `
"root
"
`;
